============================= test session starts ==============================
platform linux -- Python 3.11.14, pytest-9.0.1, pluggy-1.6.0 -- /usr/local/bin/python
cachedir: .pytest_cache
hypothesis profile 'default'
benchmark: 5.2.3 (defaults: timer=time.perf_counter disable_gc=False min_rounds=5 min_time=0.000005 max_time=1.0 calibration_precision=10 warmup=False warmup_iterations=100000)
rootdir: /home/user/kairo
configfile: pyproject.toml
plugins: xdist-3.8.0, cov-7.0.0, hypothesis-6.148.2, benchmark-5.2.3
collecting ... collected 1274 items / 6 errors

==================================== ERRORS ====================================
_________________ ERROR collecting tests/test_agent_dialect.py _________________
ImportError while importing test module '/home/user/kairo/tests/test_agent_dialect.py'.
Hint: make sure your test modules/packages have valid Python names.
Traceback:
/usr/local/lib/python3.11/dist-packages/_pytest/python.py:507: in importtestmodule
    mod = import_path(
/usr/local/lib/python3.11/dist-packages/_pytest/pathlib.py:587: in import_path
    importlib.import_module(module_name)
/usr/lib/python3.11/importlib/__init__.py:126: in import_module
    return _bootstrap._gcd_import(name[level:], package, level)
           ^^^^^^^^^^^^^^^^^^^^^^^^^^^^^^^^^^^^^^^^^^^^^^^^^^^^
<frozen importlib._bootstrap>:1204: in _gcd_import
    ???
<frozen importlib._bootstrap>:1176: in _find_and_load
    ???
<frozen importlib._bootstrap>:1147: in _find_and_load_unlocked
    ???
<frozen importlib._bootstrap>:690: in _load_unlocked
    ???
/usr/local/lib/python3.11/dist-packages/_pytest/assertion/rewrite.py:197: in exec_module
    exec(co, module.__dict__)
tests/test_agent_dialect.py:8: in <module>
    from morphogen.mlir.context import KairoMLIRContext, MLIR_AVAILABLE
E   ImportError: cannot import name 'KairoMLIRContext' from 'morphogen.mlir.context' (/home/user/kairo/morphogen/mlir/context.py)
_________________ ERROR collecting tests/test_audio_dialect.py _________________
ImportError while importing test module '/home/user/kairo/tests/test_audio_dialect.py'.
Hint: make sure your test modules/packages have valid Python names.
Traceback:
/usr/local/lib/python3.11/dist-packages/_pytest/python.py:507: in importtestmodule
    mod = import_path(
/usr/local/lib/python3.11/dist-packages/_pytest/pathlib.py:587: in import_path
    importlib.import_module(module_name)
/usr/lib/python3.11/importlib/__init__.py:126: in import_module
    return _bootstrap._gcd_import(name[level:], package, level)
           ^^^^^^^^^^^^^^^^^^^^^^^^^^^^^^^^^^^^^^^^^^^^^^^^^^^^
<frozen importlib._bootstrap>:1204: in _gcd_import
    ???
<frozen importlib._bootstrap>:1176: in _find_and_load
    ???
<frozen importlib._bootstrap>:1147: in _find_and_load_unlocked
    ???
<frozen importlib._bootstrap>:690: in _load_unlocked
    ???
/usr/local/lib/python3.11/dist-packages/_pytest/assertion/rewrite.py:197: in exec_module
    exec(co, module.__dict__)
tests/test_audio_dialect.py:9: in <module>
    from morphogen.mlir.context import KairoMLIRContext, MLIR_AVAILABLE
E   ImportError: cannot import name 'KairoMLIRContext' from 'morphogen.mlir.context' (/home/user/kairo/morphogen/mlir/context.py)
_________________ ERROR collecting tests/test_field_dialect.py _________________
ImportError while importing test module '/home/user/kairo/tests/test_field_dialect.py'.
Hint: make sure your test modules/packages have valid Python names.
Traceback:
/usr/local/lib/python3.11/dist-packages/_pytest/python.py:507: in importtestmodule
    mod = import_path(
/usr/local/lib/python3.11/dist-packages/_pytest/pathlib.py:587: in import_path
    importlib.import_module(module_name)
/usr/lib/python3.11/importlib/__init__.py:126: in import_module
    return _bootstrap._gcd_import(name[level:], package, level)
           ^^^^^^^^^^^^^^^^^^^^^^^^^^^^^^^^^^^^^^^^^^^^^^^^^^^^
<frozen importlib._bootstrap>:1204: in _gcd_import
    ???
<frozen importlib._bootstrap>:1176: in _find_and_load
    ???
<frozen importlib._bootstrap>:1147: in _find_and_load_unlocked
    ???
<frozen importlib._bootstrap>:690: in _load_unlocked
    ???
/usr/local/lib/python3.11/dist-packages/_pytest/assertion/rewrite.py:197: in exec_module
    exec(co, module.__dict__)
tests/test_field_dialect.py:8: in <module>
    from morphogen.mlir.context import KairoMLIRContext, MLIR_AVAILABLE
E   ImportError: cannot import name 'KairoMLIRContext' from 'morphogen.mlir.context' (/home/user/kairo/morphogen/mlir/context.py)
_______________ ERROR collecting tests/test_mlir_compiler_v2.py ________________
ImportError while importing test module '/home/user/kairo/tests/test_mlir_compiler_v2.py'.
Hint: make sure your test modules/packages have valid Python names.
Traceback:
/usr/local/lib/python3.11/dist-packages/_pytest/python.py:507: in importtestmodule
    mod = import_path(
/usr/local/lib/python3.11/dist-packages/_pytest/pathlib.py:587: in import_path
    importlib.import_module(module_name)
/usr/lib/python3.11/importlib/__init__.py:126: in import_module
    return _bootstrap._gcd_import(name[level:], package, level)
           ^^^^^^^^^^^^^^^^^^^^^^^^^^^^^^^^^^^^^^^^^^^^^^^^^^^^
<frozen importlib._bootstrap>:1204: in _gcd_import
    ???
<frozen importlib._bootstrap>:1176: in _find_and_load
    ???
<frozen importlib._bootstrap>:1147: in _find_and_load_unlocked
    ???
<frozen importlib._bootstrap>:690: in _load_unlocked
    ???
/usr/local/lib/python3.11/dist-packages/_pytest/assertion/rewrite.py:197: in exec_module
    exec(co, module.__dict__)
tests/test_mlir_compiler_v2.py:8: in <module>
    from morphogen.mlir.context import KairoMLIRContext, MLIR_AVAILABLE
E   ImportError: cannot import name 'KairoMLIRContext' from 'morphogen.mlir.context' (/home/user/kairo/morphogen/mlir/context.py)
________________ ERROR collecting tests/test_mlir_context_v2.py ________________
ImportError while importing test module '/home/user/kairo/tests/test_mlir_context_v2.py'.
Hint: make sure your test modules/packages have valid Python names.
Traceback:
/usr/local/lib/python3.11/dist-packages/_pytest/python.py:507: in importtestmodule
    mod = import_path(
/usr/local/lib/python3.11/dist-packages/_pytest/pathlib.py:587: in import_path
    importlib.import_module(module_name)
/usr/lib/python3.11/importlib/__init__.py:126: in import_module
    return _bootstrap._gcd_import(name[level:], package, level)
           ^^^^^^^^^^^^^^^^^^^^^^^^^^^^^^^^^^^^^^^^^^^^^^^^^^^^
<frozen importlib._bootstrap>:1204: in _gcd_import
    ???
<frozen importlib._bootstrap>:1176: in _find_and_load
    ???
<frozen importlib._bootstrap>:1147: in _find_and_load_unlocked
    ???
<frozen importlib._bootstrap>:690: in _load_unlocked
    ???
/usr/local/lib/python3.11/dist-packages/_pytest/assertion/rewrite.py:197: in exec_module
    exec(co, module.__dict__)
tests/test_mlir_context_v2.py:8: in <module>
    from morphogen.mlir.context import (
E   ImportError: cannot import name 'KairoMLIRContext' from 'morphogen.mlir.context' (/home/user/kairo/morphogen/mlir/context.py)
_______________ ERROR collecting tests/test_temporal_dialect.py ________________
ImportError while importing test module '/home/user/kairo/tests/test_temporal_dialect.py'.
Hint: make sure your test modules/packages have valid Python names.
Traceback:
/usr/local/lib/python3.11/dist-packages/_pytest/python.py:507: in importtestmodule
    mod = import_path(
/usr/local/lib/python3.11/dist-packages/_pytest/pathlib.py:587: in import_path
    importlib.import_module(module_name)
/usr/lib/python3.11/importlib/__init__.py:126: in import_module
    return _bootstrap._gcd_import(name[level:], package, level)
           ^^^^^^^^^^^^^^^^^^^^^^^^^^^^^^^^^^^^^^^^^^^^^^^^^^^^
<frozen importlib._bootstrap>:1204: in _gcd_import
    ???
<frozen importlib._bootstrap>:1176: in _find_and_load
    ???
<frozen importlib._bootstrap>:1147: in _find_and_load_unlocked
    ???
<frozen importlib._bootstrap>:690: in _load_unlocked
    ???
/usr/local/lib/python3.11/dist-packages/_pytest/assertion/rewrite.py:197: in exec_module
    exec(co, module.__dict__)
tests/test_temporal_dialect.py:8: in <module>
    from morphogen.mlir.context import KairoMLIRContext, MLIR_AVAILABLE
E   ImportError: cannot import name 'KairoMLIRContext' from 'morphogen.mlir.context' (/home/user/kairo/morphogen/mlir/context.py)
=========================== short test summary info ============================
ERROR tests/test_agent_dialect.py
ERROR tests/test_audio_dialect.py
ERROR tests/test_field_dialect.py
ERROR tests/test_mlir_compiler_v2.py
ERROR tests/test_mlir_context_v2.py
ERROR tests/test_temporal_dialect.py
!!!!!!!!!!!!!!!!!!! Interrupted: 6 errors during collection !!!!!!!!!!!!!!!!!!!!
============================== 6 errors in 4.15s ===============================
